abay
abba
abbe
abed
abet
abib
abid
abit
able
ably
abox
ical
abut
abye
aces
ache
ache
ache
acid
acme
acne
acre
adam
adar
adaw
adit
adry
adze
aeon
aery
afar
afer
affy
agha
aged
aged
agen
agio
agni
agog
agon
agre
ague
ague
ahem
ahey
ahoy
aiel
aino
airy
ajar
ajog
akin
alae
alan
alar
alas
albe
alco
alee
alew
alfa
alga
alit
ally
ally
alma
alme
alms
aloe
alow
also
alto
alum
ambz
ambo
amir
amel
amen
amia
amic
amid
amid
amir
amit
amma
amyl
anaz
zana
anal
anan
anas
anes
anet
anew
anil
anna
anoa
anon
ansa
an't
antz
zant
anta
ante
anti
anus
apar
aped
aper
apex
apis
apod
apod
zses
apse
apus
aqua
arab
arak
arch
arch
arch
zgos
zard
zart
area
aret
arew
argo
aria
arid
aril
arms
army
arna
arow
arse
arum
asci
ashy
asse
zate
atmo
atom
atop
atte
atwo
aube
auld
auln
aune
aunt
aura
avel
aver
aver
aves
avid
avie
avis
avow
away
awed
awny
awry
axal
axil
axis
axes
axis
axle
ayah
ayen
ayle
ayme
ayry
azoz
azym
baas
baal
baba
babe
babu
baby
baby
bace
back
back
bade
baff
baft
bail
bail
bain
bait
bait
bake
bald
bale
bale
balk
balk
ball
ball
balm
banc
bank
band
band
bane
bang
bank
bank
barb
barb
bard
bard
bare
bare
bard
bark
barm
barn
base
base
bash
bask
bass
bass
bast
bate
bate
bath
batz
bauk
bawd
bawl
bawn
baya
bays
been
bead
bead
zmen
beak
beal
beam
beam
bean
bore
bare
born
bear
bere
beat
beat
beau
beck
beck
bede
beef
beem
been
beer
beet
bete
bega
behn
belk
bell
bell
belt
belt
bema
bent
bend
bene
bent
bere
berg
berm
best
bete
bevy
bias
bias
bibb
bice
bise
bade
bide
bier
bigg
bigg
biga
bigg
bike
bikh
bile
bilk
bill
bill
binz
bind
bine
bing
bink
bion
bird
birk
birl
birr
birt
bisz
bise
bish
bisk
bite
bitt
blab
blae
blat
blay
blea
bleb
blek
bled
blee
bled
blet
blew
blin
blob
blot
blew
blow
blew
blow
blub
blue
blue
blur
boas
boar
boat
boat
boce
bode
body
body
boer
boes
bogy
boil
boke
bold
bole
boll
boll
boln
bolt
bolt
bolt
bomb
bond
bond
bone
bone
bony
book
book
boom
boom
boon
boor
boot
boot
boot
bord
bore
born
bort
bosa
bosh
bosh
bosk
boss
boss
bote
both
zies
bots
boud
bouk
boul
boun
bour
bout
bowl
bowl
boza
brad
brae
brag
ical
bran
brat
bray
bred
bred
bren
bren
bret
brew
brid
brig
brim
brim
brin
brit
brob
brog
brow
bruh
brun
brut
buat
bubo
buck
buck
buff
bufo
buhl
bulb
bulk
bulk
bull
bump
bunn
bund
bung
bung
bunk
bunk
bunn
bunt
buoy
buoy
burr
burg
burh
burl
burn
burr
burr
burt
bury
bury
bush
bush
busk
busk
buss
buss
bust
busy
busy
butt
butt
buzz
byre
byss
caas
cack
cade
cadi
cady
cafe
cage
cage
cake
cake
znea
calf
cali
calk
call
calm
calm
calx
came
camp
camp
cand
cane
cane
cant
cant
cany
cape
card
card
care
care
carf
cark
carl
carp
carp
cart
cart
case
case
cash
cash
cask
cass
cast
cast
tted
cata
cate
cauf
cauk
caul
cave
cave
cavy
cawk
cede
ceil
cell
cell
celt
cent
cere
cere
cero
cess
cess
cest
cete
chab
chak
chad
cham
chap
char
char
char
char
chat
chaw
chef
ches
chew
chic
chin
chip
chit
chop
chub
chud
chum
chum
cill
cima
cion
circ
cisz
cist
cite
city
cive
cize
clad
clam
clam
clan
clap
claw
claw
clay
clay
clee
clef
cleg
clem
clew
clue
clew
clio
clip
clod
clog
clog
clot
clot
clad
cloy
club
club
clue
clum
coag
coak
coal
coal
coat
coat
coax
coca
cock
cock
coco
coda
code
coif
coil
coin
coin
coir
coit
coke
colz
cold
cole
coll
colp
colt
coly
comz
coma
comb
comb
comb
came
come
come
conz
cond
cone
cong
conn
ties
cony
cook
cook
cool
cool
coom
coon
coop
coop
coot
cope
cope
cops
copy
copy
corz
cora
corb
cord
cord
core
cord
core
corf
cork
cork
corm
corn
corn
coss
cost
cost
cosy
cote
coup
cove
cove
cows
kine
cowl
coxa
cozy
crab
crag
cram
cran
craw
cray
crew
crib
crib
cric
crop
crop
crew
crow
crud
crup
crus
crut
crux
cube
cube
cuca
cuff
cull
culm
cult
cund
curb
curd
curd
cure
cure
curl
curr
curt
cusk
cusp
cusp
cute
cyma
cyme
cyon
cyst
czar
dabb
dace
dade
dado
daff
daft
dago
dais
dale
dalf
dame
damn
damp
damp
dane
dang
dank
dare
dare
darg
dark
darn
darr
dart
dart
dase
dash
data
date
date
data
daub
dauk
daun
dauw
dawe
dawk
dawn
daze
dead
deaf
deal
deal
dean
dear
deas
debt
deck
dede
deed
deem
deep
deer
dees
deev
deft
defy
degu
deil
deis
dele
dele
delf
dell
deme
demi
demy
dent
dent
deny
dere
derf
derk
derm
dern
desk
desk
dess
deva
deve
devi
dewy
deys
deye
dhow
diaz
dial
dial
dian
dibs
dice
dice
dich
dido
died
dice
dies
diet
diet
dika
dike
dike
dill
dime
dine
dang
dung
ding
dink
dint
dint
dipt
dire
dirk
dirk
dirl
dirt
disz
disc
dish
dish
disk
dite
ditt
dove
dive
dizz
done
doab
doat
dock
dock
dodd
dodo
doer
does
doff
doge
doit
doko
dole
dole
dolf
doll
dolt
zdom
dome
do–a
done
doni
doom
doom
door
doop
dorn
dorp
dorr
dory
dory
dose
dose
dost
dote
dote
doth
doty
douc
dour
dout
dove
dowl
down
down
doxy
doze
dozy
drab
drab
drad
drag
drag
dram
drew
draw
dray
dree
dreg
drew
drey
drib
drie
drip
droh
drop
drop
drow
drub
drug
drug
drum
drum
duad
dual
duan
dubb
duck
duck
duct
dude
duds
duel
duet
duff
duke
dull
dull
duly
dumb
dump
dump
dune
dung
dung
dunt
dupe
dupe
dura
dure
duse
dusk
dust
dust
duty
dyad
dyas
dyed
dyer
dyke
dyne
dysz
each
eale
eame
earl
earn
earn
ease
ease
east
easy
eath
ebon
eche
echo
echo
ecru
ectz
edda
eddy
eddy
eden
edge
edge
edgy
edit
eeke
e'en
e'er
eery
egad
egal
eger
egre
eger
egre
eigh
eild
eire
ejoo
eked
ezla
elan
elix
elke
elmy
else
elul
elve
emeu
emew
emir
emit
emyd
endz
enow
entz
zent
envy
envy
aeon
epen
epha
epiz
epic
epos
salt
eras
ergo
eric
erin
erke
erme
erne
eros
erse
ersh
erst
esox
espy
espy
zess
zest
etch
etch
ethe
etna
etui
etym
euge
eugh
eval
even
even
ever
evet
evil
ewer
ewry
exit
exon
eyas
eyed
eyed
eyen
eyer
eyet
eyle
eyne
eyen
eyot
eyra
eyre
eyry
face
face
fact
fade
fade
fady
fail
fain
fair
fake
falk
fell
fall
falx
fame
fame
fand
fane
fang
fard
fare
farl
farm
farm
faro
fash
fast
fate
faun
faux
fawe
fawn
fawn
faze
feal
fear
fear
feat
feed
feed
felt
feel
feet
fele
fell
fell
felt
felt
feme
fend
fend
feod
fere
ferm
fern
fers
fess
fest
fete
fete
feud
fiar
fiat
fice
fico
fief
fife
fife
fike
file
file
fill
fill
film
find
fine
fine
finn
fint
fire
fire
firk
firm
fisc
fish
fish
fish
fisk
fist
fist
fitt
fitz
five
fizz
flag
flam
flam
flap
flap
flat
flat
flaw
flaw
flax
flay
flea
fled
fled
flee
flet
flew
flex
flip
flip
flit
flix
flon
floe
flog
flon
flop
flow
flow
flue
flux
flux
flew
foal
foal
foam
foam
foci
foge
fogy
foil
foin
fold
folk
fond
fone
font
food
fool
fool
feet
foot
foot
forz
ford
ford
fore
fork
fork
form
form
fort
fora
foul
foul
four
fowl
fowl
foxy
fozy
frab
frap
fray
fray
fred
free
free
fren
fret
fret
frim
frit
frit
friz
friz
froe
frog
from
frow
fuar
fubs
fuci
fuel
fuff
fuga
fugh
zful
full
full
fume
fume
fumy
fund
fund
funk
furl
fury
fury
fuse
fuss
fuss
fast
fust
fuze
fuzz
fyke
fyrd
gaby
gade
gael
gaff
gaff
gage
gage
gain
gain
gait
gala
gale
gall
gall
galt
game
game
gamy
gane
gang
gaol
gape
garb
gard
gare
gash
gasp
gast
gate
gaud
gaud
gaul
gaur
gave
gawk
gawn
gaze
geal
gean
gear
gear
geat
geck
gedd
geed
geer
geet
geez
geic
gein
geld
geld
gelt
gems
zgen
gena
gens
gent
genu
gere
germ
gern
gery
gest
geth
ghat
ghee
gibe
gift
gift
gide
gilt
gild
gile
gill
gilt
gimp
ging
ginn
gird
girt
gird
gire
girl
girn
girt
girt
gise
gist
gite
gith
gave
give
glad
glad
glee
gleg
glen
glew
gley
glib
glim
glow
glue
glue
glum
glut
glyn
gnar
gnar
gnat
gnaw
gnew
gnof
gnow
went
gone
goad
goad
goaf
goal
goar
goat
goby
gode
goel
goen
goer
goff
gold
gold
golf
goll
gome
gone
gong
good
guru
goot
gord
gore
gore
gorm
gory
goss
gote
goth
goud
gour
gout
gove
gowd
gowk
gowl
gown
zmen
grab
grab
graf
gram
gray
gree
gree
gres
gret
grew
grey
grid
grig
gril
grim
grin
grin
grip
gris
grit
grit
grog
gros
grot
grew
grow
grub
gruf
grum
guan
guhr
guib
gula
guid
gule
gulf
gull
gulp
gult
guly
gump
guna
gurl
gurt
gush
gust
guze
gybe
gybe
gyle
gyre
gyri
gyri
gyse
gyte
gyve
haaf
haak
haar
hack
hack
hade
hadj
haft
haik
hail
hail
hair
haye
hake
hale
hale
half
half
halk
hall
halm
halo
halo
halp
hals
halt
halt
hame
hand
hand
zmen
zmen
hung
hang
hank
hard
hare
hark
harl
harm
harm
harp
harp
hart
hary
hase
hash
hash
hask
hasp
hasp
hast
hate
hath
haul
haum
haut
have
hast
have
hawk
hawk
hawm
haze
haze
hazy
head
head
heal
heal
heam
heap
heap
hear
heat
heat
hove
hove
hebe
heck
heed
heel
heel
heep
heer
heft
heft
heft
heir
held
hele
hell
helm
helm
holp
help
hemp
zmen
heng
hent
here
herb
herd
herd
zmen
here
herl
hern
hero
herr
hers
hert
hery
hesp
hest
hete
hete
heuk
hewn
hewe
hewn
hexz
hexa
heyh
hide
hide
hied
zcae
high
zmen
hote
hile
hill
hill
hilt
hind
hine
hink
hint
hire
hire
hirs
hiss
hist
hit.
hive
hive
hizz
hoar
hoax
hoax
hock
hock
hoed
hogh
hogo
hoit
hold
held
hold
hole
holm
holp
holt
holy
home
hond
hone
hone
hong
honk
hont
hood
hood
hoof
hook
hook
hool
hoom
hoop
hoop
hoot
hope
hope
hore
horn
hose
hose
host
hote
hote
houp
hour
hove
howl
howp
huch
huck
hued
huer
huff
huge
hugy
huke
hulk
hull
hull
hump
hung
hunk
hunt
hurl
hurr
hurt
hurt
hush
husk
husk
huso
huzz
hyen
hyke
hymn
hymn
hyne
hyoz
hypo
ours
iamb
ibex
ibis
iced
iced
icon
zics
zide
idea
idem
ides
idle
idle
idly
idol
idyl
ilex
liad
ilke
imam
iman
zces
inca
inch
inch
inde
zine
inee
zing
inia
inky
inly
inne
into
iodz
iodz
zion
iota
iran
iris
iron
iron
irpe
zise
zish
isis
isle
zism
isoz
zist
is't
itch
zite
item
item
iter
i've
zive
iwis
ixia
zize
jack
jade
jade
jagg
jail
jain
jako
jamb
jane
jant
jape
jarl
jasp
java
jawn
jawy
jean
jeat
jeel
jeer
jeer
jehu
jell
jerk
jerk
jess
jest
jest
jibe
jill
jilt
jilt
jimp
jinn
jinn
joes
john
join
joke
joke
jole
joll
jolt
joso
joss
jouk
joul
jove
jowl
juba
jube
juge
juga
juke
juli
july
jump
jump
june
junk
june
jupe
jura
jury
jury
just
jute
kadi
kage
kagu
kail
kain
kaka
kale
kali
kama
kame
kami
kand
karn
kate
kava
kawn
keck
keel
keel
keen
kept
keep
keir
keld
kele
kell
kelp
kelt
kemb
kemp
keno
kept
kerb
kerf
kerl
kern
kern
kers
kess
kest
khan
kibe
kiby
kick
kier
kike
kill
kill
kiln
kilo
kilt
kilt
kind
kine
king
king
kink
kink
kino
kipe
kirk
kish
kiss
kist
kite
kith
kive
knab
knag
knap
knap
knar
knaw
knee
knew
knit
knit
knob
knop
knor
knot
knot
know
knew
know
knur
koba
koel
koff
kohl
kris
ksar
kuda
kudu
kurd
kyar
kyaw
kyke
laas
lakh
lace
lace
ries
lack
lack
lade
lady
lady
laft
laic
laic
laid
lain
lair
lake
lakh
laky
lalo
lama
lamb
lamb
lame
lame
lamm
lamp
land
land
lane
lang
lank
lant
lapp
lars
lard
lard
lare
lark
lark
lary
lash
lash
lask
lass
last
last
late
lath
lath
laud
laud
laus
lava
lave
lawe
lawn
lawm
laid
laze
lazy
lead
lead
lead
leaf
leaf
leak
leak
leal
leam
lean
lean
leap
leap
lear
leat
left
lech
lees
leed
leef
leek
leep
leer
leer
lees
leet
left
lege
leme
lena
lent
lend
lene
leno
lens
lent
leod
leon
lere
lese
less
lest
zlet
lete
leve
levy
levy
lewd
liar
lias
lice
lich
lick
lied
lain
lien
lied
lief
lien
lier
lieu
life
lift
lift
lige
zmen
zmen
like
like
lill
lilt
lily
lima
limb
lime
lime
limn
limp
limu
limy
lind
line
line
ling
zlae
link
link
lint
lion
lire
lira
lisp
liss
list
list
lite
lith
live
lixt
liza
load
load
loaf
loaf
loam
loam
loan
loan
lobe
loch
lock
lock
loco
loci
loca
lode
loft
loge
logy
loin
loir
loki
loke
loll
loma
lond
lone
long
long
loob
loof
look
lool
loom
loom
loon
loop
loop
loos
loot
loot
lope
lope
lord
lord
lore
lori
lorn
lory
lose
loss
lost
lote
loth
loto
loud
louk
loup
lour
lice
lout
love
love
zmen
lowh
lowk
lown
luce
luck
lues
luff
luff
luke
lull
lump
lump
luna
lune
lung
lunt
luny
lure
lure
lurg
lurk
lush
lusk
lust
lust
lute
lute
luth
luxe
lyam
lyne
lynx
lyra
lyre
maad
maat
mace
made
mage
magi
maha
maia
maid
mail
mail
maim
main
make
made
make
maki
malz
mala
male
mall
mall
malm
malt
malt
mala
mama
mand
mane
manu
manx
many
mara
marc
mare
mark
mark
marl
marl
mars
mart
mary
mase
mash
mash
mask
mask
mass
mass
mast
mast
mate
mate
math
matt
maty
maud
maul
maul
zlea
mawk
maya
maze
maze
mazy
mead
meak
meal
mean
mear
meat
meaw
mede
meed
meek
meer
meet
megz
mega
mell
melt
melt
mend
ment
ment
menu
meow
merd
mere
merk
merl
mesz
mesa
mesh
mesh
mesz
mess
mess
mest
metz
ztre
mete
mete
mete
meth
meve
mewl
mews
mias
mica
mice
mich
mico
mida
mien
miff
mild
mile
milk
milk
mill
mill
milt
mime
mina
mind
mind
mine
mine
mink
mint
mint
minx
miny
mira
mire
mire
mirk
miry
misz
mise
migo
miss
miss
mist
mist
misy
mite
mitt
mitu
mity
mixt
moan
moat
mock
moco
mode
modi
mody
moff
moha
moho
mohr
moil
moke
moky
mola
mold
mold
mold
mold
mold
mold
mold
mole
mole
moll
molt
molt
molt
molt
moly
mome
monz
mona
mone
monk
monz
mono
zums
mont
mood
moon
moon
moor
moor
moot
moot
mope
mora
more
morn
moro
mort
mosk
moss
moss
most
mote
moot
mote
mote
mote
moth
moth
moto
moun
mice
move
mowe
moun
mown
mowe
mown
moxa
moya
mrs.
muce
much
muck
muff
muff
mule
mull
mull
mumm
mump
mump
mund
mung
mure
mure
murk
murr
musa
muse
muse
mush
musk
muss
muss
must
mute
muxy
myna
myoz
myth
myxa
nabk
naid
naif
naik
nail
nail
nais
nake
nale
nall
name
name
namo
naos
nape
napu
nard
nare
nart
nash
nath
nave
navy
nawl
nays
nayt
naze
neaf
neal
neap
near
near
neat
neck
neck
need
need
neer
neif
neif
neaf
nems
neoz
nepa
nere
nero
nese
nesh
ness
nest
neve
news
newt
next
nias
nice
nick
nick
nide
nidi
nief
nigh
nile
nill
nilt
nome
nine
nipt
nisi
noes
noah
nock
node
noel
noie
nole
noll
nolt
noma
nome
nonz
none
nook
noon
noot
nope
norm
norn
nose
nose
nost
note
note
nott
nota
noun
nous
nowd
nowt
nude
null
numb
numb
nurl
nyas
oaky
oary
oast
oats
oath
obbe
obey
obit
oboe
zock
ocra
odds
odic
odin
odor
odyl
o'er
ogam
ogee
ogle
ogre
zoid
oily
oint
oker
okra
olay
olea
olid
olio
olla
olpe
zoma
omen
omen
omer
omit
omoz
ince
once
onde
zone
ones
only
onto
onus
onyx
ooze
ooze
oozy
opah
opal
open
open
opie
opus
opye
oral
zmen
orby
orfe
orgy
orle
orlo
orts
zory
oryx
ossa
osar
osar
zose
osse
otic
otis
otoz
otto
ouch
zour
ours
zous
ouse
oust
oust
ouze
oval
oven
over
ovum
owch
owed
owel
owen
owre
owse
oxen
oxid
oxyz
oyer
oyez
paas
paca
pace
pace
pack
pack
paco
pact
pacu
page
page
pahi
paid
pail
pain
pain
pair
pair
pais
pale
pale
pali
pall
pall
palm
palm
palp
pali
paly
panz
pane
pang
pant
papa
pape
para
pard
pare
park
park
parr
part
part
pash
pask
pass
past
pate
path
path
zias
paul
paum
pave
pave
pavo
pawk
pawl
pawn
pawn
paid
payn
peas
peak
peak
peal
peal
pean
pear
peat
peba
peck
peck
peek
peel
peel
peen
peep
peer
pegm
pein
pela
pelf
pell
pelt
pelt
pent
pend
pend
penk
pens
pent
peon
pepo
perz
pere
peri
perk
pern
pers
pert
pery
pese
peso
pest
zies
phiz
phyz
pied
pial
pian
pica
pice
pici
pick
pici
pied
pier
piet
pigg
pika
pike
pile
pile
pill
pill
pily
pimp
pimp
pine
pine
ping
ping
pink
pink
pint
piny
piot
pipa
pipe
pipe
pipy
pirl
pirn
pise
pish
piss
pist
pita
pith
pity
pity
pixy
zmen
plan
plan
plat
play
plea
pled
pled
zons
pley
plim
ploc
plod
plot
plot
plow
plow
plow
zmen
ploy
plug
plug
plum
zlas
plus
pnyx
poak
pock
poco
zpod
poem
poet
pogy
zmen
poke
poke
poky
pole
pole
poll
poll
polo
polt
poly
pome
pomp
pond
pone
pons
pony
pood
pooh
pool
pool
poon
poop
poop
poor
pope
pore
pore
pork
port
port
pory
pose
pose
poss
post
post
posy
pott
poup
pour
pour
pout
pout
powp
poze
prad
pram
pray
pray
prez
prey
prey
prie
prig
prim
prim
pris
proz
proa
prod
prod
prog
prop
prop
prow
prox
zlae
puce
puck
pudu
pued
puer
puet
puff
puff
pugh
puit
puke
pule
pull
pulp
pulp
pult
pulu
puma
pume
pump
pump
pumy
pung
punk
punt
puny
puoy
pup/
pupa
pupe
pure
puri
purl
purl
purr
push
push
puss
pyet
pyin
pyla
pyne
pyot
pyre
pyrz
pyro
quab
quad
quad
quag
quap
quar
quas
quat
quay
quet
quey
quib
quid
quin
quip
quip
quit
quit
quiz
quiz
quob
quod
quop
raca
race
race
rach
rack
rack
racy
rade
raff
raft
raft
rage
rage
raia
raid
raid
rail
rail
rain
rain
raip
rais
raja
rake
rake
rale
ramp
rami
rana
rand
rang
rani
rank
rank
rant
rapt
rape
rapt
rare
rase
rash
rasp
rata
rate
rate
rath
rath
rave
rave
raze
raze
read
read
reak
real
ream
ream
reap
rear
rear
reft
raft
reck
rede
reed
reef
reef
reek
reek
reel
reel
reem
rove
reft
reis
reif
reim
rein
rein
reis
reit
rely
reme
rent
rend
reng
rent
rent
rese
rest
rest
rete
reve
rewe
reyn
rhea
rhob
rhus
rial
zmen
zric
rice
rich
rick
rode
ride
rief
rife
rift
rift
rile
rill
rily
rima
rime
rime
rimy
rind
rine
rang
rung
ring
ring
rink
riot
riot
ripe
rose
rise
rish
risk
risk
rist
rite
rive
road
roam
roan
roar
robe
robe
zmen
rock
rock
rode
rody
roed
roil
roin
roke
roky
role
roll
romp
rong
ront
rood
roof
roof
rook
rook
room
room
roon
roop
root
root
rope
rope
ropy
rory
rose
ross
rost
rosy
rota
rote
rote
roty
roue
rouk
roun
rown
roup
rout
rout
roux
rove
rove
rown
ruby
ruby
ruck
ruck
rudd
rude
rued
ruff
ruff
ruft
ruga
ruin
ruin
rukh
rule
rule
ruly
rump
rune
rung
runt
ties
ruse
rush
rush
rusk
russ
rust
rust
ruth
ryal
rynd
ryot
rysh
ryth
saan
sack
sack
zria
sacs
sadh
sadr
safe
saga
sage
sago
saga
sagy
saic
said
sail
sail
saim
sain
sake
saki
sale
salm
salp
salt
salt
same
samp
sand
sand
sane
sang
sank
sans
sard
sari
sark
sarn
sart
sash
sash
sate
sauf
sauh
saul
saur
saut
save
save
sawn
said
scab
scab
scad
scan
scar
scar
scat
scat
scot
scow
scry
scud
scug
scum
scum
scup
scur
scut
scye
sdan
seah
seak
seal
seal
seam
seam
sean
sear
sere
sear
seat
seat
seck
sect
seen
seed
seed
seed
seek
seek
seel
seel
seem
seen
seep
sipe
sipy
seer
seet
sego
seid
zies
seke
seld
self
self
sell
sold
sell
sely
seme
sent
send
sens
sent
sept
sere
serf
serr
sess
seta
sett
sewn
sewe
sexz
sext
seyh
seye
shab
shab
shad
shag
shag
shah
sham
sham
shaw
shay
shed
shed
shet
shet
shet
shew
shie
shim
shin
shin
ship
ship
shod
shoe
shod
shoe
shog
shoo
shot
shop
shop
shot
shot
shot
show
shug
shun
shut
shut
sice
sich
sick
sida
side
side
sift
sigh
sign
sign
zmen
sike
sile
silk
sill
silo
silt
silt
sima
sine
sung
sang
sung
sing
sunk
sank
sunk
sink
sire
sire
sirt
sise
siss
sist
sate
site
sith
siva
size
size
sizy
skag
skar
skee
skeg
sken
skep
skew
skew
skid
skid
skim
skin
skin
skip
skip
skit
skua
skue
skun
slab
slag
slam
slap
slap
slat
slat
slav
slaw
slew
slay
sled
sled
slee
slep
slew
sley
slid
slid
slid
slik
slim
slip
slit
slit
sloe
sloo
slue
slop
slop
slot
slow
slow
slub
slub
slue
slug
slug
slum
slur
slut
smee
smew
smit
smit
smit
zies
smug
smug
smut
smut
snag
snag
snap
snar
snaw
sneb
sned
snet
snew
snib
snig
snip
snob
snod
snot
snow
snow
snub
snub
snug
snug
soak
soal
soam
soap
soap
soar
sock
soda
sofa
sofi
soft
soho
soil
soja
soke
soko
sola
sold
sole
sole
soli
soli
solo
sola
soly
soma
some
sond
song
soon
soot
soot
sope
soph
sora
sorb
sord
sore
sori
sorn
sors
sort
sort
sori
sory
soss
sote
sous
soul
soun
soup
sour
sour
sous
sout
sown
sowl
sowl
sown
spae
span
span
spar
spar
spat
spat
spaw
spay
sped
sped
sper
spet
spew
spun
span
spin
spit
spit
spat
spit
spot
spot
spry
spud
spue
spun
spur
spur
sput
stab
stag
stal
star
star
staw
stay
stay
sted
stee
steg
stem
stem
stem
stem
step
stet
stet
stew
stew
stey
stir
stor
stop
stor
stot
stow
stre
stub
stub
stud
stud
stum
stum
stun
stut
stye
styx
subz
such
suck
suds
sued
suer
suet
sufz
sufi
suit
suit
suji
sula
sulk
sull
sump
sung
sunk
sunn
supe
surz
sura
surd
sure
surf
susu
swab
swad
swag
swal
swam
swan
swap
swat
sway
swat
swig
swam
swum
swim
swob
swom
swop
swum
syce
syke
syle
symz
synz
syne
syrt
syth
taas
tabu
tace
tack
tack
tact
tael
taen
taha
tahr
tail
tain
tait
take
took
take
talc
tale
talk
tall
tali
tame
tame
tamp
tana
tang
tang
tank
tant
tapa
tape
tare
tare
tarn
taro
tart
task
task
tath
tatt
tatu
taur
taut
taws
tead
teak
teal
team
tear
tore
tare
torn
tear
teat
teek
teel
teem
teem
teen
teil
told
tell
tend
tend
tene
tent
tent
terz
term
term
tern
test
test
test
tete
teuk
text
thak
than
thar
that
thaw
thea
thee
them
then
thew
they
thin
thin
this
thor
thou
thru
thud
thug
thus
tiar
tice
tick
tick
tide
tidy
tidy
tidy
ties
tied
tier
tiff
tiff
tift
tigh
tike
tile
tile
till
till
tilt
tilt
time
time
tind
tine
ting
tink
tint
tint
tiny
tire
tire
tiro
tith
titi
tivy
tiza
toad
toat
toco
tody
toed
toed
toft
toga
toil
toil
tola
told
tole
toll
toll
tolt
tolu
tomb
tomb
tome
tone
tone
tong
tony
took
tool
tool
toom
toon
toot
toot
tope
tope
toph
torc
tore
torn
tort
tori
tory
tose
tosh
tost
toss
tost
tota
tote
toty
tour
tour
tout
town
towy
toze
tozy
trad
tram
trap
tray
tray
trod
trod
tree
tree
tren
tret
trew
trey
triz
trig
trim
trio
trip
zmen
trod
tron
trot
trow
troy
trub
true
trug
tsar
tuba
tube
tube
tuch
tuck
tuck
tuet
tufa
tuff
tuft
tuft
tule
tull
tump
tump
tuna
tune
tune
tunk
turf
turf
turk
turm
turn
tush
tusk
tuza
tway
twey
twig
twin
twin
twit
tydy
tyer
tyke
tymp
tynd
tyne
tyny
type
type
typo
tyre
tyro
tzar
udal
ugly
ulan
ulna
ulva
umbe
umbo
unau
unbe
unce
unco
unci
unde
undo
uniz
unio
unit
unke
unto
unty
upas
upon
ural
urao
urdu
urea
urge
uric
urim
uroz
urox
urry
ursa
urus
urva
used
user
utas
utes
utia
utis
utro
uvea
uvic
vade
vail
vain
vair
vale
vamp
vamp
vane
vang
vant
vara
vare
vari
vark
vary
vasa
vase
vast
vaut
veal
veda
veer
vega
veil
veil
vein
vein
vele
vell
vela
vena
vend
vent
vent
verb
verd
vers
vert
very
vese
vest
vest
veto
veto
vial
vial
vice
vice
vide
vied
view
view
ztos
vild
vile
vill
vine
viny
viol
vire
visa
visa
vise
vise
vive
void
void
vole
volt
vote
vote
vugg
vugh
vyce
waag
wadd
wade
wade
wady
waeg
waft
wage
waid
waif
wail
wail
wain
wair
wait
wake
woke
wake
wald
wale
walk
wall
wall
walm
waly
wamp
wand
wane
wang
want
want
wany
wapp
ward
ward
ware
wark
warm
warm
warn
warn
warp
wart
wary
wase
wash
wasp
wast
watt
waul
waur
wave
wave
wavy
wave
wawe
wawl
waxy
wayk
weak
weal
wean
wear
wore
worn
wear
wove
wove
weed
weed
week
weel
ween
weep
wept
weep
weet
weet
weft
weir
wear
weka
weld
weld
wele
welk
well
well
wels
welt
welt
wend
went
wend
wene
went
wept
were
werk
wern
wert
wesh
west
whan
whap
whop
whap
whop
whap
whop
what
when
whet
whew
whey
whig
whim
whin
whip
whir
whit
whiz
whoa
whom
whop
whot
whur
wich
wick
wich
wick
wide
wier
wife
wigg
wike
wild
wile
wilk
will
will
will
wilt
wilt
wily
wind
wind
wind
wine
wing
wing
wink
winy
wipe
wipe
wire
wire
wiry
wise
wish
wisp
wisp
wist
wite
wist
wite
with
wive
woad
wode
woke
wold
wolf
woll
womb
wone
wong
wont
wont
wood
wood
woof
wook
wool
woon
word
word
wore
work
work
worm
worm
worn
wort
wost
woul
wove
wowe
wowf
wrap
wrap
wraw
wray
wren
wrey
wrie
wrig
writ
writ
wull
wust
wyes
wyke
wyla
wynd
wynn
wype
wyte
xeme
xyst
yama
yamp
yang
yank
yank
yard
yare
yark
yarn
yarr
yate
yaud
yaul
yaup
yawd
yawl
yawn
yawp
yaws
yead
yean
year
yede
yeel
yelk
yell
yelp
yend
yerd
yerk
yern
yest
yeve
yghe
yold
yift
yite
yive
ymel
ynow
yode
yoga
yogi
yoit
yoke
yoke
yold
yolk
yoll
yond
yoni
yore
yote
youl
your
yowe
yowl
yren
yuck
yuen
yuga
yuke
yule
yunx
yvel
ywar
ywis
zaim
zain
zany
zati
zeal
zebu
zein
zend
zero
zest
zest
zeta
zeus
zimb
zinc
zinc
zink
zion
zobo
zoea
zoic
zona
zone
zooz
zoon
zope
zubr
zyme
