abet
able
ably
ache
acid
acme
acne
acre
adam
afar
aged
agog
ahem
ahoy
airy
ajar
ajog
akin
alas
alit
ally
alma
alms
aloe
also
alto
alum
amid
anal
anew
anon
ante
anti
anus
aped
aper
apex
aqua
arab
arch
area
aria
arid
arms
army
arse
ashy
atom
atop
auld
aunt
aura
avid
avow
away
awed
axis
axes
axle

baba
babe
baby
back
bade
bail
bait
bake
bald
bale
balk
ball
balm
bank
band
bane
bang
barb
bard
bare
bark
barn
base
bash
bask
bass
bath
been
bead
beak
beal
beam
bean
bore
bare
born
bear
beat
beau
beck
beef
been
beer
beet
bell
belt
bent
bend
best
bevy
bias
bide
bier
bike
bile
bilk
bill
bind
bing
bird
bite
blab
bled
blew
blob
blot
blow
blue
blur
boar
boat
bode
body
boil
bold
bolt
bomb
bond
bone
bony
book
boom
boon
boor
boot
bore
born
boss
both
bout
bowl
brad
brag
bran
brat
bred
brew
brig
brim
brow
buck
buff
bulb
bulk
bull
bump
bung
bunk
bunt
buoy
burr
burg
burl
burn
burr
bury
bush
bust
busy
butt
buzz

cafe
cage
cake
calf
call
calm
came
camp
cane
cape
card
care
carp
cart
case
cash
cast
cave
cavy
cede
ceil
cell
cent
chad
chap
char
chat
chaw
chef
chew
chic
chin
chip
chit
chop
chub
chud
chum
cist
cite
city
clad
clam
clan
clap
claw
clay
clef
clue
clip
clod
clog
clot
clad
club
clue
coal
coat
coca
cock
coco
coda
code
coif
coil
coin
coit
coke
cold
colt
coma
comb
came
come
cone
cook
cool
coot
cope
copy
cord
core
cork
corn
cost
cosy
coup
cove
cows
cozy
crab
crag
cram
craw
crew
crib
crop
crew
crow
crud
crux
cube
cull
cult
curb
curd
cure
curl
curt
cusp
cute
cyst
czar

dado
daft
dais
dame
damn
damp
dane
dang
dank
dare
dark
darn
dart
dash
data
date
daub
dawn
daze
dead
deaf
deal
dean
dear
debt
deck
deed
deem
deep
deer
deft
defy
dent
deny
desk
dewy
dhow
dial
dice
died
dice
dies
diet
dike
dill
dime
dine
dang
dung
ding
dink
dint
dire
dirt
disc
dish
disk
dove
dive
done
dock
dodo
doer
does
dome
done
doom
door
dose
dost
dote
doth
dour
down
doze
dozy
drab
drag
drew
draw
drip
drop
drub
drug
drum
duad
dual
duck
duct
dude
duel
duet
duff
duke
dull
duly
dumb
dump
dune
dung
dupe
dusk
dust
duty
dyad
dyed
dyer
dyke

each
earl
earn
ease
east
easy
echo
eddy
edge
edgy
edit
eery
egad
emit
envy
epic
ergo
erst
etch
eval
even
ever
evil
exit
eyed
eyer
eyre

face
fact
fade
fail
fair
fake
fell
fall
fame
fang
fare
farm
fast
fate
faux
fawn
fear
feat
feed
felt
feel
feet
fell
fend
fern
fete
feud
fife
file
file
fill
film
find
fine
fire
firm
fish
fist
five
flag
flap
flat
flaw
flea
fled
flee
flew
flex
flip
flit
flog
flop
flow
flue
flux
flew
foal
foam
foci
fogy
foil
fold
folk
fond
font
food
fool
feet
foot
ford
fore
fork
form
fort
foul
four
fowl
foxy
fray
free
fret
frog
from
fuel
full
fume
fumy
fund
funk
furl
fury
fuse
fuss
fast

gain
gait
gala
gale
gall
game
gamy
gang
gape
garb
gash
gasp
gate
gave
gawk
gaze
gear
geez
gems
gent
gibe
gift
gilt
gild
gill
gimp
gist
gave
give
glad
glee
glen
glib
glim
glow
glue
glum
gnat
gnaw
gone
goad
goal
goat
gold
golf
gone
gong
good
guru
gore
gory
goth
gout
gown
grab
gray
grew
grey
grid
grim
grin
grip
grit
grog
grew
grow
grub
gulf
gull
gulp
gush
gust

hack
hail
hair
half
hall
halo
halt
hand
hung
hang
hard
hare
hark
harm
harp
hash
hast
hate
hath
haul
have
hast
have
hawk
haze
hazy
head
heal
heap
hear
heat
heck
heed
heel
heft
heir
held
hell
helm
help
hemp
here
herb
herd
here
hero
hers
hewn
hide
hied
high
hill
hilt
hind
hint
hire
hire
hiss
hive
hoax
hock
hoed
hold
held
hole
holy
home
hone
honk
hood
hoof
hook
hoop
hoot
hope
horn
hose
host
hour
howl
hued
huff
huge
hull
hump
hung
hunk
hunt
hurl
hurt
hush

iced
icon
idea
idle
idly
idol
inch
inky
inly
into
iota
iris
iron
isle
itch
item

jack
jade
jail
jamb
java
jean
jerk
jest
jibe
jill
jilt
john
join
joke
jolt
juke
july
jump
june
junk
jury
just

keel
keen
kept
keep
kelp
keno
kept
kick
kike
kill
kiln
kilo
kilt
kind
king
kink
kino
kite
knee
knew
knit
knob
knot
know
knew

lace
lack
lady
laid
lain
lair
lake
laky
lamb
lame
lamp
land
lane
lank
lard
lark
lash
lass
last
late
laud
lava
lawn
laid
laze
lazy
lead
leaf
leak
lean
leap
left
leek
leer
left
lent
lend
lens
lent
lest
levy
lewd
liar
lice
lick
lied
lain
lien
lied
lief
lien
lier
lieu
life
lift
like
lilt
lily
lima
limb
lime
limp
limy
line
link
lint
lion
lira
lisp
list
lite
live
load
loaf
loan
lobe
lock
lode
loft
loin
lone
long
look
loom
loon
loop
loot
lope
lord
lore
lorn
lose
loss
lost
loud
lice
lout
love
lown
luck
lull
lump
luna
lune
lung
lunt
lure
lurk
lush
lust
lute
lynx

mace
made
mage
magi
mail
maim
main
make
made
mall
malt
mama
mane
many
mark
mart
mash
mask
mass
mast
mate
math
maul
maze
mazy
mead
meal
mean
meat
meek
meet
mega
melt
mend
menu
meow
mere
mesh
mess
meth
mica
mice
mild
milk
mill
mime
mind
mine
mink
mint
mire
miss
mist
mite
moan
moat
mock
mode
mold
mole
molt
monk
mono
mood
moon
moor
moot
mope
more
morn
moss
most
mote
moot
mote
moth
mice
move
mown
mown
much
muck
muff
mule
mull
mump
murk
muse
mush
musk
must
mute
myth

nail
name
nape
navy
near
neat
neck
need
news
newt
next
nice
nick
nigh
nine
node
noll
nook
noon
nope
norm
nose
note
noun
nude
null
numb

oaky
oats
oath
obey
oboe
odds
odor
ogle
ogre
oily
okra
olay
omen
omit
once
only
onto
onus
onyx
ooze
oozy
opal
open
opus
oral
orgy
ouch
ours
oust
oval
oven
over
ovum
owed
oxen

pace
pack
pact
page
paid
pail
pain
pair
pale
pall
palm
pane
pang
pant
papa
park
part
pass
past
path
path
pave
pawn
paid
peas
peak
peal
pear
peat
peck
peel
peel
peep
peer
pell
pelt
pent
pend
perk
pert
peso
pica
pick
pile
pill
pimp
pine
ping
pink
pint
pipe
piss
pita
pity
plan
play
plea
pled
plod
plot
plow
ploy
plug
plum
plus
pock
poem
poet
poke
pole
poll
polo
pomp
pond
pony
pooh
pool
poon
poop
poor
pope
pore
pork
port
pory
pose
post
posy
pour
pout
pram
pray
prey
prig
prim
prod
prop
prow
puce
puck
puff
puke
pull
pulp
puma
pump
punk
punt
puny
pure
purr
push
puss
pyre
pyro

quad
quid
quip
quit
quiz

race
rack
racy
raft
rage
raid
rail
rain
rake
ramp
rang
rank
rant
rapt
rape
rare
rash
rasp
rate
rave
raze
read
real
ream
reap
rear
raft
reed
reef
reek
reel
rove
rein
rent
rent
rest
rice
rich
rode
ride
rife
rift
rile
rind
rang
rung
ring
rink
riot
ripe
rose
rise
risk
rite
road
roam
roar
rock
rode
role
roll
romp
roof
rook
room
root
rope
ropy
rose
rote
rout
ruby
rude
ruin
rule
ruly
rump
rune
rung
runt
ruse
rush
rust

sack
safe
saga
sage
said
sail
sake
saki
sale
salt
same
sand
sane
sang
sank
sans
sash
sate
save
sawn
said
scab
scan
scar
scum
seal
seam
sear
seat
sect
seen
seed
seek
seem
seen
seep
seer
self
sell
sold
sent
send
serf
sewn
shab
shag
sham
shed
shim
shin
ship
shod
shoe
shoo
shot
shop
show
shun
shut
sick
sift
sigh
sign
silk
sill
silo
silt
sung
sang
sing
sunk
sank
sink
sire
sist
site
size
skew
skid
skim
skin
skip
skit
slab
slag
slam
slap
slat
slaw
slew
slay
sled
slew
slid
slid
slim
slip
slit
slop
slot
slow
slug
slum
slut
smug
smut
snag
snap
snip
snob
snot
snow
snub
snug
soak
soap
soar
sock
soda
sofa
soft
soil
sold
sole
solo
soma
some
song
soon
soot
sore
sort
soup
sour
sown
sown
span
spar
spat
spay
sped
spew
spun
span
spin
spit
spot
spry
spud
spun
spur
stab
stag
star
stay
stay
stem
step
stew
stir
stop
stow
stub
stud
stun
such
suck
suds
sued
suer
sulk
sung
sunk
sure
swab
swag
swam
swan
swap
swat
sway
swat
swig
swam
swum
swim

tabu
tack
tact
tail
take
took
talc
talk
tall
tame
tang
tank
tape
tart
task
taut
teal
tear
tore
torn
teat
teem
teen
told
tell
tend
tent
term
tern
test
tete
text
than
that
thaw
thee
them
then
they
thin
this
thou
thru
thud
thug
thus
tick
tide
tidy
tied
tier
tile
till
tilt
time
tint
tiny
tire
toad
toed
toga
toil
told
toll
tomb
tome
tone
tong
took
tool
toon
tope
tore
torn
tort
toss
tote
tour
tout
town
tram
trap
tray
trod
tree
trig
trim
trio
trip
trod
trot
true
tuba
tube
tuck
tuft
tuna
tune
turf
turn
tush
tusk
twig
twin
twit
tyke
type
typo

ugly
undo
unit
unto
upon
urea
urge
uric
used
user

vail
vain
vamp
vane
vary
vast
veal
veer
veil
vein
vend
vent
verb
very
vest
veto
vial
vice
vied
view
vile
vine
viny
visa
vise
void
volt
vote

wade
waft
wage
waif
wail
wait
wake
woke
walk
wall
wand
wane
wang
want
ward
ware
warm
warn
warp
wart
wary
wash
wasp
watt
wave
wavy
waxy
weak
wean
wear
wore
worn
wear
wove
weed
weep
wept
wear
weld
well
welt
went
wept
were
west
whap
whop
what
when
whet
whew
whey
whim
whip
whir
whit
whiz
whoa
whom
whop
wick
wide
wife
wild
will
wilt
wily
wind
wine
wing
wink
wipe
wire
wiry
wise
wish
wisp
wist
with
wive
woke
wolf
womb
wont
wood
woof
wool
word
wore
work
worm
worn
wort
wove
wrap
wren
writ

yang
yank
yard
year
yell
yelp
yoga
yogi
yoke
yolk
your
yowl
yuck
yule

zany
zeal
zero
zest
zeta
zinc
zion
zone